nohup: ignoring input
2026-08-06 13:42:02,111 [INFO] [V6 DB] SQLite initialized.
2026-08-06 13:42:02,251 [INFO] V6 Master Pro INSTITUTIONAL starting — PORT=8080
2026-08-06 13:42:02,913 [INFO] [HEALTH] Binance connectivity monitor started (every 30s)
2026-08-06 13:42:02,913 [INFO] [LIQUIDATION WS] monitor thread started
2026-08-06 13:42:02,914 [INFO] [SCAN #1] Starting — fetching live data...
2026-08-06 13:42:02,919 [INFO] [BOT] Telegram command bot polling — /sniper /winrate /status /help
2026-08-06 13:42:02,920 [INFO] [V6 WS] WebSocket feed thread started.
2026-08-06 13:42:02,920 [INFO] [WS] feed thread started
2026-08-06 13:42:02,923 [INFO] [PTP] monitor started
2026-08-06 13:42:02,923 [INFO] [V6 PTP] Partial-TP monitor thread started.
2026-08-06 13:42:02,924 [INFO] [V6 MTF] Multi-timeframe module enabled.
2026-08-06 13:42:02,924 [INFO] [STARTUP] Binding to 0.0.0.0:8080
[V6 DB] Using built-in sqlite3
 * Serving Flask app 'main'
 * Debug mode: off
2026-08-06 13:42:02,947 [INFO] [31m[1mWARNING: This is a development server. Do not use it in a production deployment. Use a production WSGI server instead.[0m
 * Running on all addresses (0.0.0.0)
 * Running on http://127.0.0.1:8080
 * Running on http://172.24.0.2:8080
2026-08-06 13:42:02,947 [INFO] [33mPress CTRL+C to quit[0m
2026-08-06 13:42:03,341 [INFO] Websocket connected
2026-08-06 13:42:03,342 [INFO] [WS] connected — subscribed to !ticker@arr
2026-08-06 13:42:03,460 [INFO] [LIQUIDATION WS] connected
2026-08-06 13:42:04,088 [INFO] Binance: 300 USDT pairs above min volume.
2026-08-06 13:42:20,521 [INFO] VMC: RSI computed for 100 coins. Categorizing 300 total.
2026-08-06 13:42:43,706 [INFO] [SELF-UPGRADE] [18:42:43] 📊 Concentration: GOLDEN=31 signals — trending market
2026-08-06 13:42:43,709 [INFO] [SELF-UPGRADE] [18:42:43] 🔍 9 inst signals without whale data: ['UTKUSDT', 'TUTUSDT', 'HFTUSDT']
2026-08-06 13:42:43,709 [INFO] [SELF-UPGRADE] [18:42:43] 🚀 Volume Surge × 10: USDC,BTC,ETH,HEI
2026-08-06 13:42:43,711 [INFO] [SCAN #1] Done — ALL:123 VIP:4 WHALE:7 40796ms
2026-08-06 13:42:57,229 [INFO] Sheets updated — 113 LIVE rows, 8 WATCH rows.
2026-08-06 13:43:02,979 [INFO] [KEEP-ALIVE] self-ping loop → https://96e45e93-5690-48cf-b9a9-a27b3c00e2b2-00-2mrafy3bsp01g.pike.replit.dev/health every 4 min
2026-08-06 13:43:43,769 [INFO] [SCAN #2] Starting — fetching live data...
2026-08-06 13:43:44,101 [INFO] Binance: 298 USDT pairs above min volume.
2026-08-06 13:44:00,524 [INFO] VMC: RSI computed for 100 coins. Categorizing 298 total.
